// Jest Snapshot v1, https://goo.gl/fbAQLP

exports[`card my pokemon to match snapshot 1`] = `
<div
  data-test="component-cardpokemon"
/>
`;

exports[`card pokemon to match snapshot 1`] = `
<div
  data-test="component-cardpokemon"
/>
`;
